2026-09-01T10:00:00.200 INFO  DOWNLOAD_DONE epsilon e.csv 800
2026-09-01T10:00:00.400 ERROR DOWNLOAD_FAILED sigma broken.csv 500
2026-09-01T10:00:00.800 INFO  DOWNLOAD_DONE gamma c.csv 1000
2026-09-01T10:00:01.200 ERROR DOWNLOAD_FAILED sigma broken.csv 500
2026-09-01T10:00:01.300 INFO  DOWNLOAD_DONE beta b.csv 700
2026-09-01T10:00:01.500 INFO  SERVICE_EVENT loader - 0
2026-09-01T10:00:01.600 INFO  DOWNLOAD_STARTED gamma c.csv 1000
2026-09-01T10:00:01.700 INFO  DOWNLOAD_STARTED epsilon e.csv 800
2026-09-01T10:00:01.900 INFO  DOWNLOAD_DONE epsilon e.csv 800
2026-09-01T10:00:02.100 INFO  DOWNLOAD_STARTED alpha a.csv 400
2026-09-01T10:00:02.200 INFO  SERVICE_EVENT loader - 0
2026-09-01T10:00:02.300 WARN  RETRY delta d.csv 600
2026-09-01T10:00:02.400 INFO  SERVICE_EVENT loader - 0
2026-09-01T10:00:02.500 INFO  DOWNLOAD_DONE gamma c.csv 1000
2026-09-01T10:00:02.600 WARN  RETRY delta d.csv 600
2026-09-01T10:00:02.900 WARN  RETRY sigma broken.csv 500
2026-09-01T10:00:03.100 INFO  DOWNLOAD_STARTED epsilon e.csv 800

2026-09-01T10:00:03.300 INFO  SERVICE_EVENT loader - 0
2026-09-01T10:00:03.700 INFO  DOWNLOAD_STARTED beta b.csv 700
2026-09-01T10:00:04.100 INFO  DOWNLOAD_STARTED delta d.csv 600
2026-09-01T10:00:04.300 WARN  RETRY delta d.csv 600
2026-09-01T10:00:04.400 INFO  DOWNLOAD_STARTED delta d.csv 600
2026-09-01T10:00:04.700 INFO  DOWNLOAD_STARTED delta d.csv 600
2026-09-01T10:00:05.100 INFO  SERVICE_EVENT loader - 0
2026-09-01T10:00:05.500 ERROR DOWNLOAD_FAILED delta d.csv 600
2026-09-01T10:00:05.600 WARN  RETRY delta d.csv 600
2026-09-01T10:00:06.000 INFO  DOWNLOAD_STARTED gamma c.csv 1000
2026-09-01T10:00:06.100 INFO  DOWNLOAD_DONE beta b.csv 700
2026-09-01T10:00:06.300 INFO  DOWNLOAD_STARTED beta b.csv 700
2026-09-01T10:00:06.700 ERROR DOWNLOAD_FAILED delta d.csv 600
2026-09-01T10:00:07.100 INFO  DOWNLOAD_STARTED beta b.csv 700
2026-09-01T10:00:07.400 INFO  SERVICE_EVENT loader - 0
2026-09-01T10:00:07.800 INFO  DOWNLOAD_STARTED beta b.csv 700
2026-09-01T10:00:07.900 INFO  DOWNLOAD_STARTED delta d.csv 600
2026-09-01T10:00:08.000 WARN  RETRY delta d.csv 600
2026-09-01T10:00:08.100 INFO  DOWNLOAD_DONE alpha a.csv 400
2026-09-01T10:00:08.300 INFO  DOWNLOAD_DONE beta b.csv 700
2026-09-01T10:00:08.700 ERROR DOWNLOAD_FAILED sigma broken.csv 500
2026-09-01T10:00:09.100 INFO  DOWNLOAD_STARTED beta b.csv 700
2026-09-01T10:00:09.500 WARN  RETRY delta d.csv 600
2026-09-01T10:00:09.700 WARN  RETRY sigma broken.csv 500
2026-09-01T10:00:09.800 INFO  DOWNLOAD_DONE delta d.csv 600
2026-09-01T10:00:10.100 INFO  DOWNLOAD_STARTED delta d.csv 600
2026-09-01T10:00:10.400 INFO  SERVICE_EVENT loader - 0
2026-09-01T10:00:10.800 WARN  RETRY sigma broken.csv 500
2026-09-01T10:00:11.000 INFO  DOWNLOAD_STARTED beta b.csv 700
2026-09-01T10:00:11.300 INFO  SERVICE_EVENT loader - 0
2026-09-01T10:00:11.500 INFO  DOWNLOAD_DONE alpha a.csv 400
2026-09-01T10:00:11.600 INFO  DOWNLOAD_DONE gamma c.csv 1000
2026-09-01T10:00:11.700 INFO  DOWNLOAD_DONE alpha a.csv 400
2026-09-01T10:00:12.100 INFO  DOWNLOAD_DONE epsilon e.csv 800
2026-09-01T10:00:12.300 INFO  DOWNLOAD_DONE alpha a.csv 400
2026-09-01T10:00:12.400 INFO  DOWNLOAD_DONE beta b.csv 700
2026-09-01T10:00:12.500 INFO  SERVICE_EVENT loader - 0
2026-09-01T10:00:12.600 INFO  DOWNLOAD_STARTED beta b.csv 700
2026-09-01T10:00:13.000 INFO  DOWNLOAD_STARTED alpha a.csv 400
2026-09-01T10:00:13.200 WARN  RETRY delta d.csv 600
2026-09-01T10:00:13.300 ERROR DOWNLOAD_FAILED sigma broken.csv 500
2026-09-01T10:00:13.600 INFO  DOWNLOAD_STARTED gamma c.csv 1000
2026-09-01T10:03:00.000 DOWNLOAD_DONE alpha a.csv 400
2026-09-01T10:00:13.800 INFO  DOWNLOAD_DONE gamma c.csv 1000
2026-09-01T10:00:14.000 INFO  DOWNLOAD_DONE gamma c.csv 1000
2026-09-01T10:00:14.400 INFO  DOWNLOAD_STARTED beta b.csv 700
2026-09-01T10:00:14.700 WARN  RETRY sigma broken.csv 500
2026-09-01T10:00:15.000 WARN  TIMEOUT omega slow.bin 2000
2026-09-01T10:00:15.100 INFO  SERVICE_EVENT loader - 0
2026-09-01T10:00:15.200 INFO  DOWNLOAD_DONE delta d.csv 600
2026-09-01T10:00:15.300 INFO  SERVICE_EVENT loader - 0
2026-09-01T10:00:15.400 INFO  DOWNLOAD_STARTED epsilon e.csv 800
2026-09-01T10:00:15.600 INFO  DOWNLOAD_STARTED epsilon e.csv 800
2026-09-01T10:00:15.900 WARN  TIMEOUT omega slow.bin 2000
2026-09-01T10:00:16.100 INFO  SERVICE_EVENT loader - 0
2026-09-01T10:00:16.400 WARN  TIMEOUT omega slow.bin 2000
2026-09-01T10:00:16.500 INFO  DOWNLOAD_DONE beta b.csv 700
2026-09-01T10:00:16.800 INFO  DOWNLOAD_DONE gamma c.csv 1000
2026-09-01T10:00:17.000 WARN  RETRY sigma broken.csv 500
2026-09-01T10:00:17.300 INFO  DOWNLOAD_STARTED epsilon e.csv 800
2026-09-01T10:00:17.400 INFO  DOWNLOAD_DONE epsilon e.csv 800
2026-09-01T10:00:17.700 INFO  DOWNLOAD_DONE alpha a.csv 400
2026-09-01T10:00:17.900 INFO  DOWNLOAD_STARTED gamma c.csv 1000
2026-09-01T10:00:18.000 ERROR DOWNLOAD_FAILED delta d.csv 600
2026-09-01T10:00:18.200 INFO  DOWNLOAD_DONE gamma c.csv 1000
2026-09-01T10:00:18.500 INFO  SERVICE_EVENT loader - 0
2026-09-01T10:00:18.700 INFO  DOWNLOAD_DONE gamma c.csv 1000
2026-09-01T10:00:18.900 INFO  SERVICE_EVENT loader - 0
2026-09-01T10:00:19.200 INFO  SERVICE_EVENT loader - 0
2026-09-01T10:00:19.600 INFO  DOWNLOAD_STARTED gamma c.csv 1000
2026-09-01T10:00:19.700 INFO  DOWNLOAD_STARTED alpha a.csv 400
2026-09-01T10:00:20.100 INFO  SERVICE_EVENT loader - 0
2026-09-01T10:00:20.400 INFO  SERVICE_EVENT loader - 0
2026-09-01T10:00:20.500 WARN  TIMEOUT omega slow.bin 2000
2026-09-01T10:00:20.600 INFO  DOWNLOAD_DONE gamma c.csv 1000
2026-09-01T10:00:20.800 INFO  DOWNLOAD_DONE gamma c.csv 1000
2026-09-01T10:00:21.000 INFO  SERVICE_EVENT loader - 0
2026-09-01T10:00:21.400 INFO  DOWNLOAD_DONE epsilon e.csv 800
2026-09-01T10:00:21.800 WARN  RETRY delta d.csv 600
2026-09-01T10:00:21.900 INFO  DOWNLOAD_DONE alpha a.csv 400
2026-09-01T10:00:22.100 INFO  DOWNLOAD_STARTED epsilon e.csv 800
2026-09-01T10:00:22.200 WARN  TIMEOUT omega slow.bin 2000
2026-09-01T10:00:22.500 INFO  DOWNLOAD_DONE epsilon e.csv 800
2026-09-01T10:00:22.700 INFO  DOWNLOAD_STARTED delta d.csv 600
2026-09-01T10:00:22.900 WARN  RETRY delta d.csv 600
2026-09-01T10:00:23.200 INFO  DOWNLOAD_STARTED gamma c.csv 1000
2026-09-01T10:00:23.300 INFO  DOWNLOAD_STARTED gamma c.csv 1000
2026-09-01T10:00:23.500 WARN  TIMEOUT omega slow.bin 2000
2026-09-01T10:00:23.700 INFO  DOWNLOAD_DONE alpha a.csv 400
2026-09-01T10:00:24.000 INFO  DOWNLOAD_DONE epsilon e.csv 800
2026-09-01T10:00:24.400 INFO  SERVICE_EVENT loader - 0
2026-09-01T10:00:24.600 INFO  SERVICE_EVENT loader - 0
2026-09-01T10:00:24.800 ERROR DOWNLOAD_FAILED delta d.csv 600
2026-09-01T10:00:25.000 INFO  SERVICE_EVENT loader - 0
2026-09-01T10:00:25.400 WARN  TIMEOUT omega slow.bin 2000
2026-09-01T10:00:25.500 INFO  SERVICE_EVENT loader - 0
2026-09-01T10:00:25.700 INFO  DOWNLOAD_STARTED gamma c.csv 1000
2026-09-01T10:00:26.100 INFO  DOWNLOAD_STARTED beta b.csv 700
2026-09-01T10:00:26.400 WARN  RETRY delta d.csv 600
2026-09-01T10:00:26.500 INFO  SERVICE_EVENT loader - 0
2026-09-01T10:00:26.900 INFO  SERVICE_EVENT loader - 0
2026-09-01T10:00:27.000 INFO  SERVICE_EVENT loader - 0
2026-09-01T10:00:27.400 INFO  SERVICE_EVENT loader - 0
2026-09-01T10:04:00.000 DEBUG DOWNLOAD_DONE beta b.csv 700
2026-09-01T10:00:27.600 INFO  DOWNLOAD_STARTED beta b.csv 700
2026-09-01T10:00:28.000 INFO  DOWNLOAD_DONE gamma c.csv 1000
2026-09-01T10:00:28.300 INFO  DOWNLOAD_DONE beta b.csv 700
2026-09-01T10:00:28.500 INFO  DOWNLOAD_STARTED alpha a.csv 400
2026-09-01T10:00:28.700 INFO  DOWNLOAD_DONE delta d.csv 600
2026-09-01T10:00:29.000 WARN  RETRY sigma broken.csv 500
2026-09-01T10:00:29.100 INFO  SERVICE_EVENT loader - 0
2026-09-01T10:00:29.400 INFO  DOWNLOAD_DONE gamma c.csv 1000
2026-09-01T10:00:29.800 INFO  DOWNLOAD_DONE epsilon e.csv 800
2026-09-01T10:00:30.100 INFO  DOWNLOAD_STARTED alpha a.csv 400
2026-09-01T10:00:30.200 INFO  DOWNLOAD_DONE gamma c.csv 1000
2026-09-01T10:00:30.400 INFO  DOWNLOAD_DONE epsilon e.csv 800
2026-09-01T10:00:30.700 INFO  DOWNLOAD_STARTED alpha a.csv 400
2026-09-01T10:00:30.800 INFO  DOWNLOAD_DONE epsilon e.csv 800
2026-09-01T10:00:31.200 INFO  SERVICE_EVENT loader - 0
2026-09-01T10:00:31.500 ERROR DOWNLOAD_FAILED sigma broken.csv 500
2026-09-01T10:00:31.900 WARN  RETRY delta d.csv 600
2026-09-01T10:00:32.300 INFO  DOWNLOAD_STARTED epsilon e.csv 800
2026-09-01T10:00:32.500 WARN  TIMEOUT omega slow.bin 2000
2026-09-01T10:00:32.800 INFO  SERVICE_EVENT loader - 0
2026-09-01T10:00:32.900 INFO  DOWNLOAD_DONE delta d.csv 600
2026-09-01T10:00:33.000 INFO  DOWNLOAD_STARTED epsilon e.csv 800
2026-09-01T10:00:33.200 WARN  RETRY sigma broken.csv 500
2026-09-01T10:00:33.600 INFO  DOWNLOAD_STARTED alpha a.csv 400
2026-09-01T10:00:33.900 INFO  DOWNLOAD_STARTED epsilon e.csv 800
2026-09-01T10:00:34.200 INFO  DOWNLOAD_DONE alpha a.csv 400
2026-09-01T10:00:34.500 INFO  DOWNLOAD_DONE epsilon e.csv 800
2026-09-01T10:00:34.800 INFO  SERVICE_EVENT loader - 0
2026-09-01T10:00:35.200 INFO  DOWNLOAD_STARTED gamma c.csv 1000
2026-09-01T10:00:35.600 INFO  DOWNLOAD_DONE gamma c.csv 1000
2026-09-01T10:00:35.800 INFO  DOWNLOAD_STARTED beta b.csv 700
2026-09-01T10:00:36.200 INFO  SERVICE_EVENT loader - 0
2026-09-01T10:00:36.600 INFO  SERVICE_EVENT loader - 0
2026-09-01T10:00:36.800 INFO  DOWNLOAD_STARTED epsilon e.csv 800
2026-09-01T10:00:37.100 INFO  DOWNLOAD_DONE delta d.csv 600
2026-09-01T10:00:37.200 INFO  DOWNLOAD_DONE gamma c.csv 1000
2026-09-01T10:00:37.500 INFO  DOWNLOAD_DONE beta b.csv 700
2026-09-01T10:00:37.900 INFO  DOWNLOAD_STARTED epsilon e.csv 800
2026-09-01T10:00:38.200 INFO  DOWNLOAD_DONE delta d.csv 600
2026-09-01T10:00:38.600 WARN  TIMEOUT omega slow.bin 2000
2026-09-01T10:00:39.000 ERROR DOWNLOAD_FAILED delta d.csv 600
2026-09-01T10:00:39.400 INFO  DOWNLOAD_DONE beta b.csv 700
2026-09-01T10:00:39.500 WARN  TIMEOUT omega slow.bin 2000
2026-09-01T10:00:39.800 INFO  DOWNLOAD_STARTED epsilon e.csv 800
2026-09-01T10:00:40.100 WARN  RETRY delta d.csv 600
2026-09-01T10:00:40.300 INFO  DOWNLOAD_DONE gamma c.csv 1000
2026-09-01T10:00:40.500 ERROR DOWNLOAD_FAILED delta d.csv 600
2026-09-01T10:00:40.700 INFO  DOWNLOAD_STARTED alpha a.csv 400
2026-09-01T10:00:40.800 INFO  DOWNLOAD_STARTED beta b.csv 700
2026-09-01T10:00:41.200 INFO  DOWNLOAD_DONE epsilon e.csv 800
2026-09-01T10:00:41.300 WARN  RETRY sigma broken.csv 500
2026-09-01T10:00:41.700 INFO  DOWNLOAD_DONE epsilon e.csv 800
2026-09-01T10:00:41.900 INFO  DOWNLOAD_STARTED delta d.csv 600
2026-09-01T10:00:42.300 INFO  DOWNLOAD_DONE delta d.csv 600
2026-09-01T10:00:42.500 ERROR DOWNLOAD_FAILED delta d.csv 600
2026-09-01T10:00:42.600 WARN  RETRY delta d.csv 600
2026-09-01T10:00:43.000 INFO  DOWNLOAD_STARTED beta b.csv 700
2026-09-01T10:00:43.200 INFO  SERVICE_EVENT loader - 0
2026-09-01T10:00:43.600 ERROR DOWNLOAD_FAILED delta d.csv 600
2026-09-01T10:00:43.800 WARN  RETRY delta d.csv 600
2026-09-01T10:00:44.200 INFO  SERVICE_EVENT loader - 0
2026-09-01T10:00:44.400 INFO  DOWNLOAD_STARTED delta d.csv 600
2026-09-01T10:00:44.700 INFO  DOWNLOAD_STARTED delta d.csv 600
2026-09-01T10:00:45.100 INFO  DOWNLOAD_STARTED epsilon e.csv 800
2026-09-01T10:00:45.500 INFO  DOWNLOAD_STARTED beta b.csv 700
2026-09-01T10:00:45.900 INFO  DOWNLOAD_STARTED delta d.csv 600
2026-09-01T10:05:00.000 WARN  RETRY sig
2026-09-01T10:00:46.200 INFO  DOWNLOAD_DONE beta b.csv 700
2026-09-01T10:00:46.500 WARN  RETRY sigma broken.csv 500
2026-09-01T10:00:46.700 INFO  DOWNLOAD_STARTED gamma c.csv 1000
2026-09-01T10:00:47.100 INFO  SERVICE_EVENT loader - 0
2026-09-01T10:00:47.200 WARN  RETRY sigma broken.csv 500
2026-09-01T10:00:47.400 INFO  DOWNLOAD_STARTED gamma c.csv 1000
2026-09-01T10:00:47.700 ERROR DOWNLOAD_FAILED sigma broken.csv 500
2026-09-01T10:00:47.800 INFO  DOWNLOAD_STARTED beta b.csv 700
2026-09-01T10:00:48.000 INFO  DOWNLOAD_STARTED beta b.csv 700
2026-09-01T10:00:48.400 INFO  DOWNLOAD_DONE beta b.csv 700
2026-09-01T10:00:48.600 INFO  DOWNLOAD_DONE alpha a.csv 400
2026-09-01T10:00:49.000 ERROR DOWNLOAD_FAILED sigma broken.csv 500
2026-09-01T10:00:49.300 INFO  DOWNLOAD_STARTED epsilon e.csv 800
2026-09-01T10:00:49.700 INFO  DOWNLOAD_STARTED delta d.csv 600
2026-09-01T10:00:49.800 WARN  RETRY delta d.csv 600
